ASxxxx Linker V03.00 + NoICE + sdld,  page 1.
Hexadecimal  [32-Bits]

Area                                    Addr        Size        Decimal Bytes (Attributes)
--------------------------------        ----        ----        ------- ----- ------------
.  .ABS.                            00000000    00000000 =           0. bytes (ABS,CON)

      Value  Global                              Global Defined In Module
      -----  --------------------------------   ------------------------
     FFFFFFFF  s_SSEG                          
     00000000  .__.ABS.                           stm8s_gpio
     00000000  l_CABS                          
     00000000  l_DABS                          
     00000000  l_DATA                          
     00000000  l_INITIALIZED                   
     00000000  l_INITIALIZER                   
     00000000  l__CODE                         
     00000000  s_.debug_abbrev                 
     00000000  s_.debug_frame                  
     00000000  s_.debug_info                   
     00000000  s_.debug_line                   
     00000000  s_.debug_loc                    
     00000000  s_.debug_pubnames               
     00000000  s_CABS                          
     00000000  s_DABS                          
     00000000  s__CODE                         
     00000001  l_SSEG                          
     00000001  s_DATA                          
     00000001  s_INITIALIZED                   
     00000003  l_GSFINAL                       
     00000007  l_HOME                          
     0000001A  l_GSINIT                        
     0000002A  l_CONST                         
     0000010C  l_.debug_abbrev                 
     00000212  l_CODE                          
     00000307  l_.debug_pubnames               
     000005C4  l_.debug_loc                    
     000006B7  l_.debug_line                   
     00000725  l_.debug_frame                  
     000007D2  l_.debug_info                   
     00008000  s_HOME                          
     00008007  s_GSINIT                        
     00008021  s_GSFINAL                       
     00008024  s_CONST                         
     0000804E  s_CODE                          
     0000804E  s_INITIALIZER                   

ASxxxx Linker V03.00 + NoICE + sdld,  page 2.
Hexadecimal  [32-Bits]

Area                                    Addr        Size        Decimal Bytes (Attributes)
--------------------------------        ----        ----        ------- ----- ------------
HOME                                00008000    00000007 =           7. bytes (REL,CON)

      Value  Global                              Global Defined In Module
      -----  --------------------------------   ------------------------
     00008000  A$mainS103F3_DEBUG/main$49         main
     00008004  A$mainS103F3_DEBUG/main$84         main

ASxxxx Linker V03.00 + NoICE + sdld,  page 3.
Hexadecimal  [32-Bits]

Area                                    Addr        Size        Decimal Bytes (Attributes)
--------------------------------        ----        ----        ------- ----- ------------
GSINIT                              00008007    0000001A =          26. bytes (REL,CON)

      Value  Global                              Global Defined In Module
      -----  --------------------------------   ------------------------
     00008007  A$mainS103F3_DEBUG/main$60         main
     0000800A  A$mainS103F3_DEBUG/main$61         main
     0000800C  A$mainS103F3_DEBUG/main$63         main
     00008010  A$mainS103F3_DEBUG/main$64         main
     00008011  A$mainS103F3_DEBUG/main$65         main
     00008013  A$mainS103F3_DEBUG/main$67         main
     00008016  A$mainS103F3_DEBUG/main$68         main
     00008018  A$mainS103F3_DEBUG/main$70         main
     0000801B  A$mainS103F3_DEBUG/main$71         main
     0000801E  A$mainS103F3_DEBUG/main$72         main
     0000801F  A$mainS103F3_DEBUG/main$73         main

ASxxxx Linker V03.00 + NoICE + sdld,  page 4.
Hexadecimal  [32-Bits]

Area                                    Addr        Size        Decimal Bytes (Attributes)
--------------------------------        ----        ----        ------- ----- ------------
GSFINAL                             00008021    00000003 =           3. bytes (REL,CON)

      Value  Global                              Global Defined In Module
      -----  --------------------------------   ------------------------
     00008021  A$mainS103F3_DEBUG/main$77         main

ASxxxx Linker V03.00 + NoICE + sdld,  page 5.
Hexadecimal  [32-Bits]

Area                                    Addr        Size        Decimal Bytes (Attributes)
--------------------------------        ----        ----        ------- ----- ------------
CONST                               00008024    0000002A =          42. bytes (REL,CON)

      Value  Global                              Global Defined In Module
      -----  --------------------------------   ------------------------
     00008024  Fstm8s_gpio$__str_0$0_0$0          stm8s_gpio

ASxxxx Linker V03.00 + NoICE + sdld,  page 6.
Hexadecimal  [32-Bits]

Area                                    Addr        Size        Decimal Bytes (Attributes)
--------------------------------        ----        ----        ------- ----- ------------
CODE                                0000804E    00000212 =         530. bytes (REL,CON)

      Value  Global                              Global Defined In Module
      -----  --------------------------------   ------------------------
     0000804E  A$stm8s_itF3_DEBUG/stm8s_it$88     stm8s_it
     0000804E  Sstm8s_it$TRAP_IRQHandler$0        stm8s_it
     0000804E  Sstm8s_it$TRAP_IRQHandler$1        stm8s_it
     0000804E  Sstm8s_it$TRAP_IRQHandler$2        stm8s_it
     0000804E  Sstm8s_it$TRAP_IRQHandler$3        stm8s_it
     0000804E  Sstm8s_it$TRAP_IRQHandler$4        stm8s_it
     0000804E  XG$TRAP_IRQHandler$0$0             stm8s_it
     0000804E  _TRAP_IRQHandler                   stm8s_it
     0000804F  A$stm8s_itF3_DEBUG/stm8s_it$110    stm8s_it
     0000804F  Sstm8s_it$TLI_IRQHandler$10        stm8s_it
     0000804F  Sstm8s_it$TLI_IRQHandler$6         stm8s_it
     0000804F  Sstm8s_it$TLI_IRQHandler$7         stm8s_it
     0000804F  Sstm8s_it$TLI_IRQHandler$8         stm8s_it
     0000804F  Sstm8s_it$TLI_IRQHandler$9         stm8s_it
     0000804F  Sstm8s_it$TRAP_IRQHandler$5        stm8s_it
     0000804F  XG$TLI_IRQHandler$0$0              stm8s_it
     0000804F  _TLI_IRQHandler                    stm8s_it
     00008050  A$stm8s_itF3_DEBUG/stm8s_it$132    stm8s_it
     00008050  Sstm8s_it$AWU_IRQHandler$12        stm8s_it
     00008050  Sstm8s_it$AWU_IRQHandler$13        stm8s_it
     00008050  Sstm8s_it$AWU_IRQHandler$14        stm8s_it
     00008050  Sstm8s_it$AWU_IRQHandler$15        stm8s_it
     00008050  Sstm8s_it$AWU_IRQHandler$16        stm8s_it
     00008050  Sstm8s_it$TLI_IRQHandler$11        stm8s_it
     00008050  XG$AWU_IRQHandler$0$0              stm8s_it
     00008050  _AWU_IRQHandler                    stm8s_it
     00008051  A$stm8s_itF3_DEBUG/stm8s_it$154    stm8s_it
     00008051  Sstm8s_it$AWU_IRQHandler$17        stm8s_it
     00008051  Sstm8s_it$CLK_IRQHandler$18        stm8s_it
     00008051  Sstm8s_it$CLK_IRQHandler$19        stm8s_it
     00008051  Sstm8s_it$CLK_IRQHandler$20        stm8s_it
     00008051  Sstm8s_it$CLK_IRQHandler$21        stm8s_it
     00008051  Sstm8s_it$CLK_IRQHandler$22        stm8s_it
     00008051  XG$CLK_IRQHandler$0$0              stm8s_it
     00008051  _CLK_IRQHandler                    stm8s_it
     00008052  A$stm8s_itF3_DEBUG/stm8s_it$176    stm8s_it
     00008052  Sstm8s_it$CLK_IRQHandler$23        stm8s_it
     00008052  Sstm8s_it$EXTI_PORTA_IRQHandler$   stm8s_it
     00008052  Sstm8s_it$EXTI_PORTA_IRQHandler$   stm8s_it
     00008052  Sstm8s_it$EXTI_PORTA_IRQHandler$   stm8s_it
     00008052  Sstm8s_it$EXTI_PORTA_IRQHandler$   stm8s_it
     00008052  Sstm8s_it$EXTI_PORTA_IRQHandler$   stm8s_it
     00008052  XG$EXTI_PORTA_IRQHandler$0$0       stm8s_it
     00008052  _EXTI_PORTA_IRQHandler             stm8s_it
     00008053  A$stm8s_itF3_DEBUG/stm8s_it$198    stm8s_it
     00008053  Sstm8s_it$EXTI_PORTA_IRQHandler$   stm8s_it
     00008053  Sstm8s_it$EXTI_PORTB_IRQHandler$   stm8s_it
     00008053  Sstm8s_it$EXTI_PORTB_IRQHandler$   stm8s_it
     00008053  Sstm8s_it$EXTI_PORTB_IRQHandler$   stm8s_it
     00008053  Sstm8s_it$EXTI_PORTB_IRQHandler$   stm8s_it
ASxxxx Linker V03.00 + NoICE + sdld,  page 7.
Hexadecimal  [32-Bits]

Area                                    Addr        Size        Decimal Bytes (Attributes)
--------------------------------        ----        ----        ------- ----- ------------
CODE                                0000804E    00000212 =         530. bytes (REL,CON)

      Value  Global                              Global Defined In Module
      -----  --------------------------------   ------------------------
     00008053  Sstm8s_it$EXTI_PORTB_IRQHandler$   stm8s_it
     00008053  XG$EXTI_PORTB_IRQHandler$0$0       stm8s_it
     00008053  _EXTI_PORTB_IRQHandler             stm8s_it
     00008054  A$stm8s_itF3_DEBUG/stm8s_it$220    stm8s_it
     00008054  Sstm8s_it$EXTI_PORTB_IRQHandler$   stm8s_it
     00008054  Sstm8s_it$EXTI_PORTC_IRQHandler$   stm8s_it
     00008054  Sstm8s_it$EXTI_PORTC_IRQHandler$   stm8s_it
     00008054  Sstm8s_it$EXTI_PORTC_IRQHandler$   stm8s_it
     00008054  Sstm8s_it$EXTI_PORTC_IRQHandler$   stm8s_it
     00008054  Sstm8s_it$EXTI_PORTC_IRQHandler$   stm8s_it
     00008054  XG$EXTI_PORTC_IRQHandler$0$0       stm8s_it
     00008054  _EXTI_PORTC_IRQHandler             stm8s_it
     00008055  A$stm8s_itF3_DEBUG/stm8s_it$242    stm8s_it
     00008055  Sstm8s_it$EXTI_PORTC_IRQHandler$   stm8s_it
     00008055  Sstm8s_it$EXTI_PORTD_IRQHandler$   stm8s_it
     00008055  Sstm8s_it$EXTI_PORTD_IRQHandler$   stm8s_it
     00008055  Sstm8s_it$EXTI_PORTD_IRQHandler$   stm8s_it
     00008055  Sstm8s_it$EXTI_PORTD_IRQHandler$   stm8s_it
     00008055  Sstm8s_it$EXTI_PORTD_IRQHandler$   stm8s_it
     00008055  XG$EXTI_PORTD_IRQHandler$0$0       stm8s_it
     00008055  _EXTI_PORTD_IRQHandler             stm8s_it
     00008056  A$stm8s_itF3_DEBUG/stm8s_it$264    stm8s_it
     00008056  Sstm8s_it$EXTI_PORTD_IRQHandler$   stm8s_it
     00008056  Sstm8s_it$EXTI_PORTE_IRQHandler$   stm8s_it
     00008056  Sstm8s_it$EXTI_PORTE_IRQHandler$   stm8s_it
     00008056  Sstm8s_it$EXTI_PORTE_IRQHandler$   stm8s_it
     00008056  Sstm8s_it$EXTI_PORTE_IRQHandler$   stm8s_it
     00008056  Sstm8s_it$EXTI_PORTE_IRQHandler$   stm8s_it
     00008056  XG$EXTI_PORTE_IRQHandler$0$0       stm8s_it
     00008056  _EXTI_PORTE_IRQHandler             stm8s_it
     00008057  A$stm8s_itF3_DEBUG/stm8s_it$286    stm8s_it
     00008057  Sstm8s_it$EXTI_PORTE_IRQHandler$   stm8s_it
     00008057  Sstm8s_it$SPI_IRQHandler$54        stm8s_it
     00008057  Sstm8s_it$SPI_IRQHandler$55        stm8s_it
     00008057  Sstm8s_it$SPI_IRQHandler$56        stm8s_it
     00008057  Sstm8s_it$SPI_IRQHandler$57        stm8s_it
     00008057  Sstm8s_it$SPI_IRQHandler$58        stm8s_it
     00008057  XG$SPI_IRQHandler$0$0              stm8s_it
     00008057  _SPI_IRQHandler                    stm8s_it
     00008058  A$stm8s_itF3_DEBUG/stm8s_it$308    stm8s_it
     00008058  Sstm8s_it$SPI_IRQHandler$59        stm8s_it
     00008058  Sstm8s_it$TIM1_UPD_OVF_TRG_BRK_I   stm8s_it
     00008058  Sstm8s_it$TIM1_UPD_OVF_TRG_BRK_I   stm8s_it
     00008058  Sstm8s_it$TIM1_UPD_OVF_TRG_BRK_I   stm8s_it
     00008058  Sstm8s_it$TIM1_UPD_OVF_TRG_BRK_I   stm8s_it
     00008058  Sstm8s_it$TIM1_UPD_OVF_TRG_BRK_I   stm8s_it
     00008058  XG$TIM1_UPD_OVF_TRG_BRK_IRQHandl   stm8s_it
     00008058  _TIM1_UPD_OVF_TRG_BRK_IRQHandler   stm8s_it
     00008059  A$stm8s_itF3_DEBUG/stm8s_it$330    stm8s_it
     00008059  Sstm8s_it$TIM1_CAP_COM_IRQHandle   stm8s_it
     00008059  Sstm8s_it$TIM1_CAP_COM_IRQHandle   stm8s_it
ASxxxx Linker V03.00 + NoICE + sdld,  page 8.
Hexadecimal  [32-Bits]

Area                                    Addr        Size        Decimal Bytes (Attributes)
--------------------------------        ----        ----        ------- ----- ------------
CODE                                0000804E    00000212 =         530. bytes (REL,CON)

      Value  Global                              Global Defined In Module
      -----  --------------------------------   ------------------------
     00008059  Sstm8s_it$TIM1_CAP_COM_IRQHandle   stm8s_it
     00008059  Sstm8s_it$TIM1_CAP_COM_IRQHandle   stm8s_it
     00008059  Sstm8s_it$TIM1_CAP_COM_IRQHandle   stm8s_it
     00008059  Sstm8s_it$TIM1_UPD_OVF_TRG_BRK_I   stm8s_it
     00008059  XG$TIM1_CAP_COM_IRQHandler$0$0     stm8s_it
     00008059  _TIM1_CAP_COM_IRQHandler           stm8s_it
     0000805A  A$stm8s_itF3_DEBUG/stm8s_it$352    stm8s_it
     0000805A  Sstm8s_it$TIM1_CAP_COM_IRQHandle   stm8s_it
     0000805A  Sstm8s_it$TIM2_UPD_OVF_BRK_IRQHa   stm8s_it
     0000805A  Sstm8s_it$TIM2_UPD_OVF_BRK_IRQHa   stm8s_it
     0000805A  Sstm8s_it$TIM2_UPD_OVF_BRK_IRQHa   stm8s_it
     0000805A  Sstm8s_it$TIM2_UPD_OVF_BRK_IRQHa   stm8s_it
     0000805A  Sstm8s_it$TIM2_UPD_OVF_BRK_IRQHa   stm8s_it
     0000805A  XG$TIM2_UPD_OVF_BRK_IRQHandler$0   stm8s_it
     0000805A  _TIM2_UPD_OVF_BRK_IRQHandler       stm8s_it
     0000805B  A$stm8s_itF3_DEBUG/stm8s_it$374    stm8s_it
     0000805B  Sstm8s_it$TIM2_CAP_COM_IRQHandle   stm8s_it
     0000805B  Sstm8s_it$TIM2_CAP_COM_IRQHandle   stm8s_it
     0000805B  Sstm8s_it$TIM2_CAP_COM_IRQHandle   stm8s_it
     0000805B  Sstm8s_it$TIM2_CAP_COM_IRQHandle   stm8s_it
     0000805B  Sstm8s_it$TIM2_CAP_COM_IRQHandle   stm8s_it
     0000805B  Sstm8s_it$TIM2_UPD_OVF_BRK_IRQHa   stm8s_it
     0000805B  XG$TIM2_CAP_COM_IRQHandler$0$0     stm8s_it
     0000805B  _TIM2_CAP_COM_IRQHandler           stm8s_it
     0000805C  A$stm8s_itF3_DEBUG/stm8s_it$396    stm8s_it
     0000805C  Sstm8s_it$TIM2_CAP_COM_IRQHandle   stm8s_it
     0000805C  Sstm8s_it$UART1_TX_IRQHandler$84   stm8s_it
     0000805C  Sstm8s_it$UART1_TX_IRQHandler$85   stm8s_it
     0000805C  Sstm8s_it$UART1_TX_IRQHandler$86   stm8s_it
     0000805C  Sstm8s_it$UART1_TX_IRQHandler$87   stm8s_it
     0000805C  Sstm8s_it$UART1_TX_IRQHandler$88   stm8s_it
     0000805C  XG$UART1_TX_IRQHandler$0$0         stm8s_it
     0000805C  _UART1_TX_IRQHandler               stm8s_it
     0000805D  A$stm8s_itF3_DEBUG/stm8s_it$418    stm8s_it
     0000805D  Sstm8s_it$UART1_RX_IRQHandler$90   stm8s_it
     0000805D  Sstm8s_it$UART1_RX_IRQHandler$91   stm8s_it
     0000805D  Sstm8s_it$UART1_RX_IRQHandler$92   stm8s_it
     0000805D  Sstm8s_it$UART1_RX_IRQHandler$93   stm8s_it
     0000805D  Sstm8s_it$UART1_RX_IRQHandler$94   stm8s_it
     0000805D  Sstm8s_it$UART1_TX_IRQHandler$89   stm8s_it
     0000805D  XG$UART1_RX_IRQHandler$0$0         stm8s_it
     0000805D  _UART1_RX_IRQHandler               stm8s_it
     0000805E  A$stm8s_itF3_DEBUG/stm8s_it$440    stm8s_it
     0000805E  Sstm8s_it$I2C_IRQHandler$100       stm8s_it
     0000805E  Sstm8s_it$I2C_IRQHandler$96        stm8s_it
     0000805E  Sstm8s_it$I2C_IRQHandler$97        stm8s_it
     0000805E  Sstm8s_it$I2C_IRQHandler$98        stm8s_it
     0000805E  Sstm8s_it$I2C_IRQHandler$99        stm8s_it
     0000805E  Sstm8s_it$UART1_RX_IRQHandler$95   stm8s_it
     0000805E  XG$I2C_IRQHandler$0$0              stm8s_it
     0000805E  _I2C_IRQHandler                    stm8s_it
ASxxxx Linker V03.00 + NoICE + sdld,  page 9.
Hexadecimal  [32-Bits]

Area                                    Addr        Size        Decimal Bytes (Attributes)
--------------------------------        ----        ----        ------- ----- ------------
CODE                                0000804E    00000212 =         530. bytes (REL,CON)

      Value  Global                              Global Defined In Module
      -----  --------------------------------   ------------------------
     0000805F  A$stm8s_itF3_DEBUG/stm8s_it$462    stm8s_it
     0000805F  Sstm8s_it$ADC1_IRQHandler$102      stm8s_it
     0000805F  Sstm8s_it$ADC1_IRQHandler$103      stm8s_it
     0000805F  Sstm8s_it$ADC1_IRQHandler$104      stm8s_it
     0000805F  Sstm8s_it$ADC1_IRQHandler$105      stm8s_it
     0000805F  Sstm8s_it$ADC1_IRQHandler$106      stm8s_it
     0000805F  Sstm8s_it$I2C_IRQHandler$101       stm8s_it
     0000805F  XG$ADC1_IRQHandler$0$0             stm8s_it
     0000805F  _ADC1_IRQHandler                   stm8s_it
     00008060  A$stm8s_itF3_DEBUG/stm8s_it$484    stm8s_it
     00008060  Sstm8s_it$ADC1_IRQHandler$107      stm8s_it
     00008060  Sstm8s_it$TIM4_UPD_OVF_IRQHandle   stm8s_it
     00008060  Sstm8s_it$TIM4_UPD_OVF_IRQHandle   stm8s_it
     00008060  Sstm8s_it$TIM4_UPD_OVF_IRQHandle   stm8s_it
     00008060  Sstm8s_it$TIM4_UPD_OVF_IRQHandle   stm8s_it
     00008060  Sstm8s_it$TIM4_UPD_OVF_IRQHandle   stm8s_it
     00008060  XG$TIM4_UPD_OVF_IRQHandler$0$0     stm8s_it
     00008060  _TIM4_UPD_OVF_IRQHandler           stm8s_it
     00008061  A$stm8s_itF3_DEBUG/stm8s_it$506    stm8s_it
     00008061  Sstm8s_it$EEPROM_EEC_IRQHandler$   stm8s_it
     00008061  Sstm8s_it$EEPROM_EEC_IRQHandler$   stm8s_it
     00008061  Sstm8s_it$EEPROM_EEC_IRQHandler$   stm8s_it
     00008061  Sstm8s_it$EEPROM_EEC_IRQHandler$   stm8s_it
     00008061  Sstm8s_it$EEPROM_EEC_IRQHandler$   stm8s_it
     00008061  Sstm8s_it$TIM4_UPD_OVF_IRQHandle   stm8s_it
     00008061  XG$EEPROM_EEC_IRQHandler$0$0       stm8s_it
     00008061  _EEPROM_EEC_IRQHandler             stm8s_it
     00008062  A$mainS103F3_DEBUG/main$103        main
     00008062  Smain$delay$0                      main
     00008062  Smain$delay$1                      main
     00008062  Smain$delay$2                      main
     00008062  Sstm8s_it$EEPROM_EEC_IRQHandler$   stm8s_it
     00008064  A$mainS103F3_DEBUG/main$104        main
     00008066  A$mainS103F3_DEBUG/main$108        main
     0000806A  A$mainS103F3_DEBUG/main$109        main
     0000806B  A$mainS103F3_DEBUG/main$110        main
     0000806D  A$mainS103F3_DEBUG/main$111        main
     0000806E  A$mainS103F3_DEBUG/main$112        main
     0000806F  A$mainS103F3_DEBUG/main$113        main
     00008071  A$mainS103F3_DEBUG/main$114        main
     00008072  A$mainS103F3_DEBUG/main$116        main
     00008074  A$mainS103F3_DEBUG/main$117        main
     00008076  A$mainS103F3_DEBUG/main$118        main
     00008077  A$mainS103F3_DEBUG/main$119        main
     00008079  A$mainS103F3_DEBUG/main$121        main
     0000807C  A$mainS103F3_DEBUG/main$130        main
     0000807C  Smain$delay$3                      main
     0000807C  Smain$delay$4                      main
     0000807C  XFmain$delay$0$0                   main
     0000807D  A$mainS103F3_DEBUG/main$145        main
     0000807D  Smain$delay$5                      main
ASxxxx Linker V03.00 + NoICE + sdld,  page 10.
Hexadecimal  [32-Bits]

Area                                    Addr        Size        Decimal Bytes (Attributes)
--------------------------------        ----        ----        ------- ----- ------------
CODE                                0000804E    00000212 =         530. bytes (REL,CON)

      Value  Global                              Global Defined In Module
      -----  --------------------------------   ------------------------
     0000807D  Smain$main$6                       main
     0000807D  Smain$main$7                       main
     0000807D  Smain$main$8                       main
     0000807D  _main                              main
     0000807F  A$mainS103F3_DEBUG/main$147        main
     0000807F  Smain$main$9                       main
     00008081  A$mainS103F3_DEBUG/main$150        main
     00008081  Smain$main$10                      main
     00008084  A$mainS103F3_DEBUG/main$151        main
     00008086  A$mainS103F3_DEBUG/main$156        main
     00008086  Smain$main$11                      main
     00008086  Smain$main$12                      main
     00008088  A$mainS103F3_DEBUG/main$159        main
     00008088  Smain$main$13                      main
     0000808A  A$mainS103F3_DEBUG/main$162        main
     0000808A  Smain$main$14                      main
     0000808C  A$mainS103F3_DEBUG/main$164        main
     0000808C  Smain$main$15                      main
     0000808E  A$mainS103F3_DEBUG/main$167        main
     0000808E  Smain$main$16                      main
     00008091  A$mainS103F3_DEBUG/main$168        main
     00008093  A$mainS103F3_DEBUG/main$176        main
     00008093  Smain$main$17                      main
     00008093  Smain$main$18                      main
     00008093  Smain$main$19                      main
     00008095  A$mainS103F3_DEBUG/main$178        main
     00008095  Smain$main$20                      main
     00008097  A$mainS103F3_DEBUG/main$180        main
     00008097  Smain$main$21                      main
     00008098  A$mainS103F3_DEBUG/main$181        main
     00008099  A$mainS103F3_DEBUG/main$184        main
     00008099  Smain$main$22                      main
     0000809C  A$mainS103F3_DEBUG/main$185        main
     0000809E  A$mainS103F3_DEBUG/main$190        main
     0000809E  Smain$main$23                      main
     0000809E  Smain$main$24                      main
     000080A0  A$mainS103F3_DEBUG/main$193        main
     000080A0  Smain$main$25                      main
     000080A2  A$mainS103F3_DEBUG/main$195        main
     000080A2  Smain$main$26                      main
     000080A4  A$mainS103F3_DEBUG/main$198        main
     000080A4  Smain$main$27                      main
     000080A7  A$mainS103F3_DEBUG/main$199        main
     000080A9  A$mainS103F3_DEBUG/main$202        main
     000080A9  Smain$main$28                      main
     000080AC  A$mainS103F3_DEBUG/main$211        main
     000080AC  Smain$main$29                      main
     000080AC  Smain$main$30                      main
     000080AC  Smain$main$31                      main
     000080AC  XG$main$0$0                        main
     000080AD  A$mainS103F3_DEBUG/main$228        main
ASxxxx Linker V03.00 + NoICE + sdld,  page 11.
Hexadecimal  [32-Bits]

Area                                    Addr        Size        Decimal Bytes (Attributes)
--------------------------------        ----        ----        ------- ----- ------------
CODE                                0000804E    00000212 =         530. bytes (REL,CON)

      Value  Global                              Global Defined In Module
      -----  --------------------------------   ------------------------
     000080AD  Smain$assert_failed$33             main
     000080AD  Smain$assert_failed$34             main
     000080AD  Smain$assert_failed$35             main
     000080AD  Smain$main$32                      main
     000080AD  _assert_failed                     main
     000080B0  A$mainS103F3_DEBUG/main$236        main
     000080B0  Smain$assert_failed$36             main
     000080B0  Smain$assert_failed$37             main
     000080B0  XG$assert_failed$0$0               main
     000080B1  A$stm8s_gpio_DEBUG/stm8s_gpio$72   stm8s_gpio
     000080B1  Smain$assert_failed$38             main
     000080B1  Sstm8s_gpio$GPIO_DeInit$0          stm8s_gpio
     000080B1  Sstm8s_gpio$GPIO_DeInit$1          stm8s_gpio
     000080B1  Sstm8s_gpio$GPIO_DeInit$2          stm8s_gpio
     000080B1  _GPIO_DeInit                       stm8s_gpio
     000080B3  A$stm8s_gpio_DEBUG/stm8s_gpio$74   stm8s_gpio
     000080B5  A$stm8s_gpio_DEBUG/stm8s_gpio$78   stm8s_gpio
     000080B5  Sstm8s_gpio$GPIO_DeInit$3          stm8s_gpio
     000080B6  A$stm8s_gpio_DEBUG/stm8s_gpio$79   stm8s_gpio
     000080B7  A$stm8s_gpio_DEBUG/stm8s_gpio$80   stm8s_gpio
     000080B8  A$stm8s_gpio_DEBUG/stm8s_gpio$82   stm8s_gpio
     000080B9  A$stm8s_gpio_DEBUG/stm8s_gpio$86   stm8s_gpio
     000080B9  Sstm8s_gpio$GPIO_DeInit$4          stm8s_gpio
     000080BA  A$stm8s_gpio_DEBUG/stm8s_gpio$87   stm8s_gpio
     000080BD  A$stm8s_gpio_DEBUG/stm8s_gpio$89   stm8s_gpio
     000080BE  A$stm8s_gpio_DEBUG/stm8s_gpio$93   stm8s_gpio
     000080BE  Sstm8s_gpio$GPIO_DeInit$5          stm8s_gpio
     000080BF  A$stm8s_gpio_DEBUG/stm8s_gpio$94   stm8s_gpio
     000080C2  A$stm8s_gpio_DEBUG/stm8s_gpio$96   stm8s_gpio
     000080C3  A$stm8s_gpio_DEBUG/stm8s_gpio$10   stm8s_gpio
     000080C3  Sstm8s_gpio$GPIO_DeInit$6          stm8s_gpio
     000080C3  Sstm8s_gpio$GPIO_DeInit$7          stm8s_gpio
     000080C3  XG$GPIO_DeInit$0$0                 stm8s_gpio
     000080C4  A$stm8s_gpio_DEBUG/stm8s_gpio$11   stm8s_gpio
     000080C4  Sstm8s_gpio$GPIO_DeInit$8          stm8s_gpio
     000080C4  Sstm8s_gpio$GPIO_Init$10           stm8s_gpio
     000080C4  Sstm8s_gpio$GPIO_Init$9            stm8s_gpio
     000080C4  _GPIO_Init                         stm8s_gpio
     000080C6  A$stm8s_gpio_DEBUG/stm8s_gpio$12   stm8s_gpio
     000080C6  Sstm8s_gpio$GPIO_Init$11           stm8s_gpio
     000080C6  Sstm8s_gpio$GPIO_Init$12           stm8s_gpio
     000080C8  A$stm8s_gpio_DEBUG/stm8s_gpio$12   stm8s_gpio
     000080CA  A$stm8s_gpio_DEBUG/stm8s_gpio$12   stm8s_gpio
     000080CD  A$stm8s_gpio_DEBUG/stm8s_gpio$12   stm8s_gpio
     000080CF  A$stm8s_gpio_DEBUG/stm8s_gpio$12   stm8s_gpio
     000080D1  A$stm8s_gpio_DEBUG/stm8s_gpio$12   stm8s_gpio
     000080D3  A$stm8s_gpio_DEBUG/stm8s_gpio$12   stm8s_gpio
     000080D6  A$stm8s_gpio_DEBUG/stm8s_gpio$13   stm8s_gpio
     000080D6  Sstm8s_gpio$GPIO_Init$13           stm8s_gpio
     000080D8  A$stm8s_gpio_DEBUG/stm8s_gpio$13   stm8s_gpio
     000080DA  A$stm8s_gpio_DEBUG/stm8s_gpio$13   stm8s_gpio
ASxxxx Linker V03.00 + NoICE + sdld,  page 12.
Hexadecimal  [32-Bits]

Area                                    Addr        Size        Decimal Bytes (Attributes)
--------------------------------        ----        ----        ------- ----- ------------
CODE                                0000804E    00000212 =         530. bytes (REL,CON)

      Value  Global                              Global Defined In Module
      -----  --------------------------------   ------------------------
     000080DC  A$stm8s_gpio_DEBUG/stm8s_gpio$13   stm8s_gpio
     000080DF  A$stm8s_gpio_DEBUG/stm8s_gpio$14   stm8s_gpio
     000080DF  Sstm8s_gpio$GPIO_Init$14           stm8s_gpio
     000080E1  A$stm8s_gpio_DEBUG/stm8s_gpio$14   stm8s_gpio
     000080E3  A$stm8s_gpio_DEBUG/stm8s_gpio$14   stm8s_gpio
     000080E5  A$stm8s_gpio_DEBUG/stm8s_gpio$14   stm8s_gpio
     000080E8  A$stm8s_gpio_DEBUG/stm8s_gpio$15   stm8s_gpio
     000080E8  Sstm8s_gpio$GPIO_Init$15           stm8s_gpio
     000080EA  A$stm8s_gpio_DEBUG/stm8s_gpio$15   stm8s_gpio
     000080EC  A$stm8s_gpio_DEBUG/stm8s_gpio$15   stm8s_gpio
     000080EE  A$stm8s_gpio_DEBUG/stm8s_gpio$15   stm8s_gpio
     000080F1  A$stm8s_gpio_DEBUG/stm8s_gpio$15   stm8s_gpio
     000080F1  Sstm8s_gpio$GPIO_Init$16           stm8s_gpio
     000080F3  A$stm8s_gpio_DEBUG/stm8s_gpio$15   stm8s_gpio
     000080F5  A$stm8s_gpio_DEBUG/stm8s_gpio$16   stm8s_gpio
     000080F7  A$stm8s_gpio_DEBUG/stm8s_gpio$16   stm8s_gpio
     000080FA  A$stm8s_gpio_DEBUG/stm8s_gpio$16   stm8s_gpio
     000080FA  Sstm8s_gpio$GPIO_Init$17           stm8s_gpio
     000080FC  A$stm8s_gpio_DEBUG/stm8s_gpio$16   stm8s_gpio
     000080FE  A$stm8s_gpio_DEBUG/stm8s_gpio$16   stm8s_gpio
     00008100  A$stm8s_gpio_DEBUG/stm8s_gpio$16   stm8s_gpio
     00008103  A$stm8s_gpio_DEBUG/stm8s_gpio$17   stm8s_gpio
     00008103  Sstm8s_gpio$GPIO_Init$18           stm8s_gpio
     00008105  A$stm8s_gpio_DEBUG/stm8s_gpio$17   stm8s_gpio
     00008107  A$stm8s_gpio_DEBUG/stm8s_gpio$17   stm8s_gpio
     00008109  A$stm8s_gpio_DEBUG/stm8s_gpio$17   stm8s_gpio
     0000810C  A$stm8s_gpio_DEBUG/stm8s_gpio$18   stm8s_gpio
     0000810C  Sstm8s_gpio$GPIO_Init$19           stm8s_gpio
     0000810E  A$stm8s_gpio_DEBUG/stm8s_gpio$18   stm8s_gpio
     00008110  A$stm8s_gpio_DEBUG/stm8s_gpio$18   stm8s_gpio
     00008112  A$stm8s_gpio_DEBUG/stm8s_gpio$18   stm8s_gpio
     00008115  A$stm8s_gpio_DEBUG/stm8s_gpio$19   stm8s_gpio
     00008115  Sstm8s_gpio$GPIO_Init$20           stm8s_gpio
     00008117  A$stm8s_gpio_DEBUG/stm8s_gpio$19   stm8s_gpio
     00008119  A$stm8s_gpio_DEBUG/stm8s_gpio$19   stm8s_gpio
     0000811B  A$stm8s_gpio_DEBUG/stm8s_gpio$19   stm8s_gpio
     0000811E  A$stm8s_gpio_DEBUG/stm8s_gpio$19   stm8s_gpio
     0000811E  Sstm8s_gpio$GPIO_Init$21           stm8s_gpio
     00008120  A$stm8s_gpio_DEBUG/stm8s_gpio$19   stm8s_gpio
     00008122  A$stm8s_gpio_DEBUG/stm8s_gpio$20   stm8s_gpio
     00008124  A$stm8s_gpio_DEBUG/stm8s_gpio$20   stm8s_gpio
     00008127  A$stm8s_gpio_DEBUG/stm8s_gpio$20   stm8s_gpio
     00008127  Sstm8s_gpio$GPIO_Init$22           stm8s_gpio
     00008129  A$stm8s_gpio_DEBUG/stm8s_gpio$20   stm8s_gpio
     0000812B  A$stm8s_gpio_DEBUG/stm8s_gpio$20   stm8s_gpio
     0000812D  A$stm8s_gpio_DEBUG/stm8s_gpio$20   stm8s_gpio
     00008130  A$stm8s_gpio_DEBUG/stm8s_gpio$21   stm8s_gpio
     00008130  Sstm8s_gpio$GPIO_Init$23           stm8s_gpio
     00008132  A$stm8s_gpio_DEBUG/stm8s_gpio$21   stm8s_gpio
     00008132  Sstm8s_gpio$GPIO_Init$24           stm8s_gpio
     00008133  A$stm8s_gpio_DEBUG/stm8s_gpio$21   stm8s_gpio
ASxxxx Linker V03.00 + NoICE + sdld,  page 13.
Hexadecimal  [32-Bits]

Area                                    Addr        Size        Decimal Bytes (Attributes)
--------------------------------        ----        ----        ------- ----- ------------
CODE                                0000804E    00000212 =         530. bytes (REL,CON)

      Value  Global                              Global Defined In Module
      -----  --------------------------------   ------------------------
     00008134  A$stm8s_gpio_DEBUG/stm8s_gpio$22   stm8s_gpio
     00008134  Sstm8s_gpio$GPIO_Init$25           stm8s_gpio
     00008136  A$stm8s_gpio_DEBUG/stm8s_gpio$22   stm8s_gpio
     00008136  Sstm8s_gpio$GPIO_Init$26           stm8s_gpio
     00008138  A$stm8s_gpio_DEBUG/stm8s_gpio$22   stm8s_gpio
     00008138  Sstm8s_gpio$GPIO_Init$27           stm8s_gpio
     0000813A  A$stm8s_gpio_DEBUG/stm8s_gpio$22   stm8s_gpio
     0000813A  Sstm8s_gpio$GPIO_Init$28           stm8s_gpio
     0000813D  A$stm8s_gpio_DEBUG/stm8s_gpio$23   stm8s_gpio
     0000813F  A$stm8s_gpio_DEBUG/stm8s_gpio$23   stm8s_gpio
     0000813F  Sstm8s_gpio$GPIO_Init$29           stm8s_gpio
     0000813F  Sstm8s_gpio$GPIO_Init$30           stm8s_gpio
     00008141  A$stm8s_gpio_DEBUG/stm8s_gpio$23   stm8s_gpio
     00008143  A$stm8s_gpio_DEBUG/stm8s_gpio$23   stm8s_gpio
     00008146  A$stm8s_gpio_DEBUG/stm8s_gpio$24   stm8s_gpio
     00008148  A$stm8s_gpio_DEBUG/stm8s_gpio$24   stm8s_gpio
     00008148  Sstm8s_gpio$GPIO_Init$31           stm8s_gpio
     00008149  A$stm8s_gpio_DEBUG/stm8s_gpio$24   stm8s_gpio
     0000814A  A$stm8s_gpio_DEBUG/stm8s_gpio$24   stm8s_gpio
     0000814A  Sstm8s_gpio$GPIO_Init$32           stm8s_gpio
     0000814C  A$stm8s_gpio_DEBUG/stm8s_gpio$25   stm8s_gpio
     0000814C  Sstm8s_gpio$GPIO_Init$33           stm8s_gpio
     0000814E  A$stm8s_gpio_DEBUG/stm8s_gpio$25   stm8s_gpio
     0000814E  Sstm8s_gpio$GPIO_Init$34           stm8s_gpio
     00008150  A$stm8s_gpio_DEBUG/stm8s_gpio$25   stm8s_gpio
     00008150  Sstm8s_gpio$GPIO_Init$35           stm8s_gpio
     00008153  A$stm8s_gpio_DEBUG/stm8s_gpio$25   stm8s_gpio
     00008155  A$stm8s_gpio_DEBUG/stm8s_gpio$26   stm8s_gpio
     00008155  Sstm8s_gpio$GPIO_Init$36           stm8s_gpio
     00008155  Sstm8s_gpio$GPIO_Init$37           stm8s_gpio
     00008157  A$stm8s_gpio_DEBUG/stm8s_gpio$26   stm8s_gpio
     00008158  A$stm8s_gpio_DEBUG/stm8s_gpio$26   stm8s_gpio
     0000815B  A$stm8s_gpio_DEBUG/stm8s_gpio$26   stm8s_gpio
     0000815D  A$stm8s_gpio_DEBUG/stm8s_gpio$27   stm8s_gpio
     0000815F  A$stm8s_gpio_DEBUG/stm8s_gpio$27   stm8s_gpio
     00008160  A$stm8s_gpio_DEBUG/stm8s_gpio$27   stm8s_gpio
     00008161  A$stm8s_gpio_DEBUG/stm8s_gpio$27   stm8s_gpio
     00008161  Sstm8s_gpio$GPIO_Init$38           stm8s_gpio
     00008163  A$stm8s_gpio_DEBUG/stm8s_gpio$27   stm8s_gpio
     00008164  A$stm8s_gpio_DEBUG/stm8s_gpio$27   stm8s_gpio
     00008166  A$stm8s_gpio_DEBUG/stm8s_gpio$27   stm8s_gpio
     00008167  A$stm8s_gpio_DEBUG/stm8s_gpio$28   stm8s_gpio
     00008167  Sstm8s_gpio$GPIO_Init$39           stm8s_gpio
     00008169  A$stm8s_gpio_DEBUG/stm8s_gpio$28   stm8s_gpio
     0000816B  A$stm8s_gpio_DEBUG/stm8s_gpio$28   stm8s_gpio
     0000816C  A$stm8s_gpio_DEBUG/stm8s_gpio$28   stm8s_gpio
     0000816C  Sstm8s_gpio$GPIO_Init$40           stm8s_gpio
     0000816D  A$stm8s_gpio_DEBUG/stm8s_gpio$29   stm8s_gpio
     0000816E  A$stm8s_gpio_DEBUG/stm8s_gpio$29   stm8s_gpio
     0000816F  A$stm8s_gpio_DEBUG/stm8s_gpio$29   stm8s_gpio
     00008171  A$stm8s_gpio_DEBUG/stm8s_gpio$29   stm8s_gpio
ASxxxx Linker V03.00 + NoICE + sdld,  page 14.
Hexadecimal  [32-Bits]

Area                                    Addr        Size        Decimal Bytes (Attributes)
--------------------------------        ----        ----        ------- ----- ------------
CODE                                0000804E    00000212 =         530. bytes (REL,CON)

      Value  Global                              Global Defined In Module
      -----  --------------------------------   ------------------------
     00008171  Sstm8s_gpio$GPIO_Init$41           stm8s_gpio
     00008173  A$stm8s_gpio_DEBUG/stm8s_gpio$29   stm8s_gpio
     00008175  A$stm8s_gpio_DEBUG/stm8s_gpio$29   stm8s_gpio
     00008178  A$stm8s_gpio_DEBUG/stm8s_gpio$30   stm8s_gpio
     00008178  Sstm8s_gpio$GPIO_Init$42           stm8s_gpio
     0000817A  A$stm8s_gpio_DEBUG/stm8s_gpio$30   stm8s_gpio
     0000817A  Sstm8s_gpio$GPIO_Init$43           stm8s_gpio
     0000817A  Sstm8s_gpio$GPIO_Init$44           stm8s_gpio
     0000817B  A$stm8s_gpio_DEBUG/stm8s_gpio$31   stm8s_gpio
     0000817B  Sstm8s_gpio$GPIO_Init$45           stm8s_gpio
     0000817D  A$stm8s_gpio_DEBUG/stm8s_gpio$31   stm8s_gpio
     0000817F  A$stm8s_gpio_DEBUG/stm8s_gpio$31   stm8s_gpio
     00008180  A$stm8s_gpio_DEBUG/stm8s_gpio$31   stm8s_gpio
     00008180  Sstm8s_gpio$GPIO_Init$46           stm8s_gpio
     00008182  A$stm8s_gpio_DEBUG/stm8s_gpio$31   stm8s_gpio
     00008185  A$stm8s_gpio_DEBUG/stm8s_gpio$32   stm8s_gpio
     00008185  Sstm8s_gpio$GPIO_Init$47           stm8s_gpio
     00008185  Sstm8s_gpio$GPIO_Init$48           stm8s_gpio
     00008187  A$stm8s_gpio_DEBUG/stm8s_gpio$32   stm8s_gpio
     00008189  A$stm8s_gpio_DEBUG/stm8s_gpio$32   stm8s_gpio
     00008189  Sstm8s_gpio$GPIO_Init$49           stm8s_gpio
     0000818C  A$stm8s_gpio_DEBUG/stm8s_gpio$33   stm8s_gpio
     0000818C  Sstm8s_gpio$GPIO_Init$50           stm8s_gpio
     0000818C  Sstm8s_gpio$GPIO_Init$51           stm8s_gpio
     0000818E  A$stm8s_gpio_DEBUG/stm8s_gpio$33   stm8s_gpio
     00008190  A$stm8s_gpio_DEBUG/stm8s_gpio$34   stm8s_gpio
     00008190  Sstm8s_gpio$GPIO_Init$52           stm8s_gpio
     00008190  Sstm8s_gpio$GPIO_Init$53           stm8s_gpio
     00008192  A$stm8s_gpio_DEBUG/stm8s_gpio$34   stm8s_gpio
     00008193  A$stm8s_gpio_DEBUG/stm8s_gpio$34   stm8s_gpio
     00008195  A$stm8s_gpio_DEBUG/stm8s_gpio$34   stm8s_gpio
     00008197  A$stm8s_gpio_DEBUG/stm8s_gpio$35   stm8s_gpio
     00008198  A$stm8s_gpio_DEBUG/stm8s_gpio$35   stm8s_gpio
     00008198  Sstm8s_gpio$GPIO_Init$54           stm8s_gpio
     0000819B  A$stm8s_gpio_DEBUG/stm8s_gpio$36   stm8s_gpio
     0000819B  Sstm8s_gpio$GPIO_Init$55           stm8s_gpio
     0000819B  Sstm8s_gpio$GPIO_Init$56           stm8s_gpio
     0000819D  A$stm8s_gpio_DEBUG/stm8s_gpio$36   stm8s_gpio
     0000819E  A$stm8s_gpio_DEBUG/stm8s_gpio$36   stm8s_gpio
     000081A0  A$stm8s_gpio_DEBUG/stm8s_gpio$36   stm8s_gpio
     000081A2  A$stm8s_gpio_DEBUG/stm8s_gpio$36   stm8s_gpio
     000081A3  A$stm8s_gpio_DEBUG/stm8s_gpio$37   stm8s_gpio
     000081A3  Sstm8s_gpio$GPIO_Init$57           stm8s_gpio
     000081A3  Sstm8s_gpio$GPIO_Init$58           stm8s_gpio
     000081A4  A$stm8s_gpio_DEBUG/stm8s_gpio$37   stm8s_gpio
     000081A7  A$stm8s_gpio_DEBUG/stm8s_gpio$37   stm8s_gpio
     000081A8  A$stm8s_gpio_DEBUG/stm8s_gpio$38   stm8s_gpio
     000081A8  Sstm8s_gpio$GPIO_Init$59           stm8s_gpio
     000081A9  A$stm8s_gpio_DEBUG/stm8s_gpio$38   stm8s_gpio
     000081A9  Sstm8s_gpio$GPIO_Init$60           stm8s_gpio
     000081AB  A$stm8s_gpio_DEBUG/stm8s_gpio$38   stm8s_gpio
ASxxxx Linker V03.00 + NoICE + sdld,  page 15.
Hexadecimal  [32-Bits]

Area                                    Addr        Size        Decimal Bytes (Attributes)
--------------------------------        ----        ----        ------- ----- ------------
CODE                                0000804E    00000212 =         530. bytes (REL,CON)

      Value  Global                              Global Defined In Module
      -----  --------------------------------   ------------------------
     000081AD  A$stm8s_gpio_DEBUG/stm8s_gpio$38   stm8s_gpio
     000081AE  A$stm8s_gpio_DEBUG/stm8s_gpio$38   stm8s_gpio
     000081AE  Sstm8s_gpio$GPIO_Init$61           stm8s_gpio
     000081B0  A$stm8s_gpio_DEBUG/stm8s_gpio$38   stm8s_gpio
     000081B3  A$stm8s_gpio_DEBUG/stm8s_gpio$39   stm8s_gpio
     000081B3  Sstm8s_gpio$GPIO_Init$62           stm8s_gpio
     000081B3  Sstm8s_gpio$GPIO_Init$63           stm8s_gpio
     000081B5  A$stm8s_gpio_DEBUG/stm8s_gpio$39   stm8s_gpio
     000081B6  A$stm8s_gpio_DEBUG/stm8s_gpio$39   stm8s_gpio
     000081B6  Sstm8s_gpio$GPIO_Init$64           stm8s_gpio
     000081B9  A$stm8s_gpio_DEBUG/stm8s_gpio$40   stm8s_gpio
     000081B9  Sstm8s_gpio$GPIO_Init$65           stm8s_gpio
     000081B9  Sstm8s_gpio$GPIO_Init$66           stm8s_gpio
     000081BB  A$stm8s_gpio_DEBUG/stm8s_gpio$40   stm8s_gpio
     000081BC  A$stm8s_gpio_DEBUG/stm8s_gpio$41   stm8s_gpio
     000081BC  Sstm8s_gpio$GPIO_Init$67           stm8s_gpio
     000081BC  Sstm8s_gpio$GPIO_Init$68           stm8s_gpio
     000081BE  A$stm8s_gpio_DEBUG/stm8s_gpio$41   stm8s_gpio
     000081BF  A$stm8s_gpio_DEBUG/stm8s_gpio$42   stm8s_gpio
     000081BF  Sstm8s_gpio$GPIO_Init$69           stm8s_gpio
     000081C0  A$stm8s_gpio_DEBUG/stm8s_gpio$42   stm8s_gpio
     000081C0  Sstm8s_gpio$GPIO_Init$70           stm8s_gpio
     000081C2  A$stm8s_gpio_DEBUG/stm8s_gpio$42   stm8s_gpio
     000081C4  A$stm8s_gpio_DEBUG/stm8s_gpio$42   stm8s_gpio
     000081C5  A$stm8s_gpio_DEBUG/stm8s_gpio$42   stm8s_gpio
     000081C5  Sstm8s_gpio$GPIO_Init$71           stm8s_gpio
     000081C7  A$stm8s_gpio_DEBUG/stm8s_gpio$42   stm8s_gpio
     000081CA  A$stm8s_gpio_DEBUG/stm8s_gpio$43   stm8s_gpio
     000081CA  Sstm8s_gpio$GPIO_Init$72           stm8s_gpio
     000081CA  Sstm8s_gpio$GPIO_Init$73           stm8s_gpio
     000081CC  A$stm8s_gpio_DEBUG/stm8s_gpio$43   stm8s_gpio
     000081CE  A$stm8s_gpio_DEBUG/stm8s_gpio$43   stm8s_gpio
     000081CF  A$stm8s_gpio_DEBUG/stm8s_gpio$44   stm8s_gpio
     000081CF  Sstm8s_gpio$GPIO_Init$74           stm8s_gpio
     000081D2  A$stm8s_gpio_DEBUG/stm8s_gpio$44   stm8s_gpio
     000081D2  Sstm8s_gpio$GPIO_Init$75           stm8s_gpio
     000081D2  Sstm8s_gpio$GPIO_Init$76           stm8s_gpio
     000081D4  A$stm8s_gpio_DEBUG/stm8s_gpio$44   stm8s_gpio
     000081D6  A$stm8s_gpio_DEBUG/stm8s_gpio$45   stm8s_gpio
     000081D7  A$stm8s_gpio_DEBUG/stm8s_gpio$45   stm8s_gpio
     000081D7  Sstm8s_gpio$GPIO_Init$77           stm8s_gpio
     000081D7  Sstm8s_gpio$GPIO_Init$78           stm8s_gpio
     000081D9  A$stm8s_gpio_DEBUG/stm8s_gpio$46   stm8s_gpio
     000081D9  Sstm8s_gpio$GPIO_Init$79           stm8s_gpio
     000081D9  Sstm8s_gpio$GPIO_Init$80           stm8s_gpio
     000081D9  XG$GPIO_Init$0$0                   stm8s_gpio
     000081DA  A$stm8s_gpio_DEBUG/stm8s_gpio$47   stm8s_gpio
     000081DA  Sstm8s_gpio$GPIO_Init$81           stm8s_gpio
     000081DA  Sstm8s_gpio$GPIO_Write$82          stm8s_gpio
     000081DA  Sstm8s_gpio$GPIO_Write$83          stm8s_gpio
     000081DA  Sstm8s_gpio$GPIO_Write$84          stm8s_gpio
ASxxxx Linker V03.00 + NoICE + sdld,  page 16.
Hexadecimal  [32-Bits]

Area                                    Addr        Size        Decimal Bytes (Attributes)
--------------------------------        ----        ----        ------- ----- ------------
CODE                                0000804E    00000212 =         530. bytes (REL,CON)

      Value  Global                              Global Defined In Module
      -----  --------------------------------   ------------------------
     000081DA  _GPIO_Write                        stm8s_gpio
     000081DC  A$stm8s_gpio_DEBUG/stm8s_gpio$47   stm8s_gpio
     000081DE  A$stm8s_gpio_DEBUG/stm8s_gpio$47   stm8s_gpio
     000081DF  A$stm8s_gpio_DEBUG/stm8s_gpio$48   stm8s_gpio
     000081DF  Sstm8s_gpio$GPIO_Write$85          stm8s_gpio
     000081DF  Sstm8s_gpio$GPIO_Write$86          stm8s_gpio
     000081DF  XG$GPIO_Write$0$0                  stm8s_gpio
     000081E0  A$stm8s_gpio_DEBUG/stm8s_gpio$50   stm8s_gpio
     000081E0  Sstm8s_gpio$GPIO_Write$87          stm8s_gpio
     000081E0  Sstm8s_gpio$GPIO_WriteHigh$88      stm8s_gpio
     000081E0  Sstm8s_gpio$GPIO_WriteHigh$89      stm8s_gpio
     000081E0  Sstm8s_gpio$GPIO_WriteHigh$90      stm8s_gpio
     000081E0  _GPIO_WriteHigh                    stm8s_gpio
     000081E2  A$stm8s_gpio_DEBUG/stm8s_gpio$50   stm8s_gpio
     000081E3  A$stm8s_gpio_DEBUG/stm8s_gpio$50   stm8s_gpio
     000081E5  A$stm8s_gpio_DEBUG/stm8s_gpio$50   stm8s_gpio
     000081E6  A$stm8s_gpio_DEBUG/stm8s_gpio$51   stm8s_gpio
     000081E6  Sstm8s_gpio$GPIO_WriteHigh$91      stm8s_gpio
     000081E6  Sstm8s_gpio$GPIO_WriteHigh$92      stm8s_gpio
     000081E6  XG$GPIO_WriteHigh$0$0              stm8s_gpio
     000081E7  A$stm8s_gpio_DEBUG/stm8s_gpio$52   stm8s_gpio
     000081E7  Sstm8s_gpio$GPIO_WriteHigh$93      stm8s_gpio
     000081E7  Sstm8s_gpio$GPIO_WriteLow$94       stm8s_gpio
     000081E7  Sstm8s_gpio$GPIO_WriteLow$95       stm8s_gpio
     000081E7  _GPIO_WriteLow                     stm8s_gpio
     000081E8  A$stm8s_gpio_DEBUG/stm8s_gpio$53   stm8s_gpio
     000081E8  Sstm8s_gpio$GPIO_WriteLow$96       stm8s_gpio
     000081E8  Sstm8s_gpio$GPIO_WriteLow$97       stm8s_gpio
     000081EA  A$stm8s_gpio_DEBUG/stm8s_gpio$53   stm8s_gpio
     000081EB  A$stm8s_gpio_DEBUG/stm8s_gpio$53   stm8s_gpio
     000081ED  A$stm8s_gpio_DEBUG/stm8s_gpio$53   stm8s_gpio
     000081EF  A$stm8s_gpio_DEBUG/stm8s_gpio$53   stm8s_gpio
     000081F0  A$stm8s_gpio_DEBUG/stm8s_gpio$54   stm8s_gpio
     000081F2  A$stm8s_gpio_DEBUG/stm8s_gpio$54   stm8s_gpio
     000081F3  A$stm8s_gpio_DEBUG/stm8s_gpio$54   stm8s_gpio
     000081F3  Sstm8s_gpio$GPIO_WriteLow$98       stm8s_gpio
     000081F4  A$stm8s_gpio_DEBUG/stm8s_gpio$55   stm8s_gpio
     000081F4  Sstm8s_gpio$GPIO_WriteLow$100      stm8s_gpio
     000081F4  Sstm8s_gpio$GPIO_WriteLow$99       stm8s_gpio
     000081F4  XG$GPIO_WriteLow$0$0               stm8s_gpio
     000081F5  A$stm8s_gpio_DEBUG/stm8s_gpio$56   stm8s_gpio
     000081F5  Sstm8s_gpio$GPIO_WriteLow$101      stm8s_gpio
     000081F5  Sstm8s_gpio$GPIO_WriteReverse$10   stm8s_gpio
     000081F5  Sstm8s_gpio$GPIO_WriteReverse$10   stm8s_gpio
     000081F5  Sstm8s_gpio$GPIO_WriteReverse$10   stm8s_gpio
     000081F5  _GPIO_WriteReverse                 stm8s_gpio
     000081F7  A$stm8s_gpio_DEBUG/stm8s_gpio$57   stm8s_gpio
     000081F8  A$stm8s_gpio_DEBUG/stm8s_gpio$57   stm8s_gpio
     000081FA  A$stm8s_gpio_DEBUG/stm8s_gpio$57   stm8s_gpio
     000081FB  A$stm8s_gpio_DEBUG/stm8s_gpio$58   stm8s_gpio
     000081FB  Sstm8s_gpio$GPIO_WriteReverse$10   stm8s_gpio
ASxxxx Linker V03.00 + NoICE + sdld,  page 17.
Hexadecimal  [32-Bits]

Area                                    Addr        Size        Decimal Bytes (Attributes)
--------------------------------        ----        ----        ------- ----- ------------
CODE                                0000804E    00000212 =         530. bytes (REL,CON)

      Value  Global                              Global Defined In Module
      -----  --------------------------------   ------------------------
     000081FB  Sstm8s_gpio$GPIO_WriteReverse$10   stm8s_gpio
     000081FB  XG$GPIO_WriteReverse$0$0           stm8s_gpio
     000081FC  A$stm8s_gpio_DEBUG/stm8s_gpio$59   stm8s_gpio
     000081FC  Sstm8s_gpio$GPIO_ReadOutputData$   stm8s_gpio
     000081FC  Sstm8s_gpio$GPIO_ReadOutputData$   stm8s_gpio
     000081FC  Sstm8s_gpio$GPIO_ReadOutputData$   stm8s_gpio
     000081FC  Sstm8s_gpio$GPIO_WriteReverse$10   stm8s_gpio
     000081FC  _GPIO_ReadOutputData               stm8s_gpio
     000081FE  A$stm8s_gpio_DEBUG/stm8s_gpio$59   stm8s_gpio
     000081FF  A$stm8s_gpio_DEBUG/stm8s_gpio$60   stm8s_gpio
     000081FF  Sstm8s_gpio$GPIO_ReadOutputData$   stm8s_gpio
     000081FF  Sstm8s_gpio$GPIO_ReadOutputData$   stm8s_gpio
     000081FF  XG$GPIO_ReadOutputData$0$0         stm8s_gpio
     00008200  A$stm8s_gpio_DEBUG/stm8s_gpio$62   stm8s_gpio
     00008200  Sstm8s_gpio$GPIO_ReadInputData$1   stm8s_gpio
     00008200  Sstm8s_gpio$GPIO_ReadInputData$1   stm8s_gpio
     00008200  Sstm8s_gpio$GPIO_ReadInputData$1   stm8s_gpio
     00008200  Sstm8s_gpio$GPIO_ReadOutputData$   stm8s_gpio
     00008200  _GPIO_ReadInputData                stm8s_gpio
     00008202  A$stm8s_gpio_DEBUG/stm8s_gpio$62   stm8s_gpio
     00008204  A$stm8s_gpio_DEBUG/stm8s_gpio$63   stm8s_gpio
     00008204  Sstm8s_gpio$GPIO_ReadInputData$1   stm8s_gpio
     00008204  Sstm8s_gpio$GPIO_ReadInputData$1   stm8s_gpio
     00008204  XG$GPIO_ReadInputData$0$0          stm8s_gpio
     00008205  A$stm8s_gpio_DEBUG/stm8s_gpio$65   stm8s_gpio
     00008205  Sstm8s_gpio$GPIO_ReadInputData$1   stm8s_gpio
     00008205  Sstm8s_gpio$GPIO_ReadInputPin$12   stm8s_gpio
     00008205  Sstm8s_gpio$GPIO_ReadInputPin$12   stm8s_gpio
     00008205  Sstm8s_gpio$GPIO_ReadInputPin$12   stm8s_gpio
     00008205  _GPIO_ReadInputPin                 stm8s_gpio
     00008207  A$stm8s_gpio_DEBUG/stm8s_gpio$65   stm8s_gpio
     00008209  A$stm8s_gpio_DEBUG/stm8s_gpio$65   stm8s_gpio
     0000820B  A$stm8s_gpio_DEBUG/stm8s_gpio$66   stm8s_gpio
     0000820B  Sstm8s_gpio$GPIO_ReadInputPin$12   stm8s_gpio
     0000820B  Sstm8s_gpio$GPIO_ReadInputPin$12   stm8s_gpio
     0000820B  XG$GPIO_ReadInputPin$0$0           stm8s_gpio
     0000820C  A$stm8s_gpio_DEBUG/stm8s_gpio$67   stm8s_gpio
     0000820C  Sstm8s_gpio$GPIO_ExternalPullUpC   stm8s_gpio
     0000820C  Sstm8s_gpio$GPIO_ExternalPullUpC   stm8s_gpio
     0000820C  Sstm8s_gpio$GPIO_ReadInputPin$12   stm8s_gpio
     0000820C  _GPIO_ExternalPullUpConfig         stm8s_gpio
     0000820D  A$stm8s_gpio_DEBUG/stm8s_gpio$68   stm8s_gpio
     0000820D  Sstm8s_gpio$GPIO_ExternalPullUpC   stm8s_gpio
     0000820D  Sstm8s_gpio$GPIO_ExternalPullUpC   stm8s_gpio
     0000820F  A$stm8s_gpio_DEBUG/stm8s_gpio$68   stm8s_gpio
     00008211  A$stm8s_gpio_DEBUG/stm8s_gpio$68   stm8s_gpio
     00008214  A$stm8s_gpio_DEBUG/stm8s_gpio$68   stm8s_gpio
     00008216  A$stm8s_gpio_DEBUG/stm8s_gpio$69   stm8s_gpio
     00008216  Sstm8s_gpio$GPIO_ExternalPullUpC   stm8s_gpio
     00008217  A$stm8s_gpio_DEBUG/stm8s_gpio$69   stm8s_gpio
     00008218  A$stm8s_gpio_DEBUG/stm8s_gpio$69   stm8s_gpio
ASxxxx Linker V03.00 + NoICE + sdld,  page 18.
Hexadecimal  [32-Bits]

Area                                    Addr        Size        Decimal Bytes (Attributes)
--------------------------------        ----        ----        ------- ----- ------------
CODE                                0000804E    00000212 =         530. bytes (REL,CON)

      Value  Global                              Global Defined In Module
      -----  --------------------------------   ------------------------
     00008218  Sstm8s_gpio$GPIO_ExternalPullUpC   stm8s_gpio
     0000821A  A$stm8s_gpio_DEBUG/stm8s_gpio$69   stm8s_gpio
     0000821A  Sstm8s_gpio$GPIO_ExternalPullUpC   stm8s_gpio
     0000821C  A$stm8s_gpio_DEBUG/stm8s_gpio$69   stm8s_gpio
     0000821C  Sstm8s_gpio$GPIO_ExternalPullUpC   stm8s_gpio
     0000821E  A$stm8s_gpio_DEBUG/stm8s_gpio$70   stm8s_gpio
     0000821E  Sstm8s_gpio$GPIO_ExternalPullUpC   stm8s_gpio
     00008221  A$stm8s_gpio_DEBUG/stm8s_gpio$70   stm8s_gpio
     00008223  A$stm8s_gpio_DEBUG/stm8s_gpio$70   stm8s_gpio
     00008223  Sstm8s_gpio$GPIO_ExternalPullUpC   stm8s_gpio
     00008223  Sstm8s_gpio$GPIO_ExternalPullUpC   stm8s_gpio
     00008225  A$stm8s_gpio_DEBUG/stm8s_gpio$71   stm8s_gpio
     00008227  A$stm8s_gpio_DEBUG/stm8s_gpio$71   stm8s_gpio
     0000822A  A$stm8s_gpio_DEBUG/stm8s_gpio$71   stm8s_gpio
     0000822C  A$stm8s_gpio_DEBUG/stm8s_gpio$71   stm8s_gpio
     0000822D  A$stm8s_gpio_DEBUG/stm8s_gpio$71   stm8s_gpio
     0000822F  A$stm8s_gpio_DEBUG/stm8s_gpio$71   stm8s_gpio
     00008232  A$stm8s_gpio_DEBUG/stm8s_gpio$72   stm8s_gpio
     00008232  Sstm8s_gpio$GPIO_ExternalPullUpC   stm8s_gpio
     00008234  A$stm8s_gpio_DEBUG/stm8s_gpio$72   stm8s_gpio
     00008234  Sstm8s_gpio$GPIO_ExternalPullUpC   stm8s_gpio
     00008235  A$stm8s_gpio_DEBUG/stm8s_gpio$72   stm8s_gpio
     00008236  A$stm8s_gpio_DEBUG/stm8s_gpio$72   stm8s_gpio
     00008236  Sstm8s_gpio$GPIO_ExternalPullUpC   stm8s_gpio
     00008238  A$stm8s_gpio_DEBUG/stm8s_gpio$73   stm8s_gpio
     00008238  Sstm8s_gpio$GPIO_ExternalPullUpC   stm8s_gpio
     0000823A  A$stm8s_gpio_DEBUG/stm8s_gpio$73   stm8s_gpio
     0000823A  Sstm8s_gpio$GPIO_ExternalPullUpC   stm8s_gpio
     0000823C  A$stm8s_gpio_DEBUG/stm8s_gpio$73   stm8s_gpio
     0000823C  Sstm8s_gpio$GPIO_ExternalPullUpC   stm8s_gpio
     0000823F  A$stm8s_gpio_DEBUG/stm8s_gpio$73   stm8s_gpio
     00008241  A$stm8s_gpio_DEBUG/stm8s_gpio$74   stm8s_gpio
     00008241  Sstm8s_gpio$GPIO_ExternalPullUpC   stm8s_gpio
     00008241  Sstm8s_gpio$GPIO_ExternalPullUpC   stm8s_gpio
     00008243  A$stm8s_gpio_DEBUG/stm8s_gpio$74   stm8s_gpio
     00008246  A$stm8s_gpio_DEBUG/stm8s_gpio$74   stm8s_gpio
     00008247  A$stm8s_gpio_DEBUG/stm8s_gpio$75   stm8s_gpio
     00008247  Sstm8s_gpio$GPIO_ExternalPullUpC   stm8s_gpio
     00008249  A$stm8s_gpio_DEBUG/stm8s_gpio$75   stm8s_gpio
     0000824B  A$stm8s_gpio_DEBUG/stm8s_gpio$75   stm8s_gpio
     0000824E  A$stm8s_gpio_DEBUG/stm8s_gpio$76   stm8s_gpio
     0000824E  Sstm8s_gpio$GPIO_ExternalPullUpC   stm8s_gpio
     0000824E  Sstm8s_gpio$GPIO_ExternalPullUpC   stm8s_gpio
     00008250  A$stm8s_gpio_DEBUG/stm8s_gpio$76   stm8s_gpio
     00008251  A$stm8s_gpio_DEBUG/stm8s_gpio$76   stm8s_gpio
     00008251  Sstm8s_gpio$GPIO_ExternalPullUpC   stm8s_gpio
     00008254  A$stm8s_gpio_DEBUG/stm8s_gpio$77   stm8s_gpio
     00008254  Sstm8s_gpio$GPIO_ExternalPullUpC   stm8s_gpio
     00008254  Sstm8s_gpio$GPIO_ExternalPullUpC   stm8s_gpio
     00008255  A$stm8s_gpio_DEBUG/stm8s_gpio$77   stm8s_gpio
     00008255  Sstm8s_gpio$GPIO_ExternalPullUpC   stm8s_gpio
ASxxxx Linker V03.00 + NoICE + sdld,  page 19.
Hexadecimal  [32-Bits]

Area                                    Addr        Size        Decimal Bytes (Attributes)
--------------------------------        ----        ----        ------- ----- ------------
CODE                                0000804E    00000212 =         530. bytes (REL,CON)

      Value  Global                              Global Defined In Module
      -----  --------------------------------   ------------------------
     00008257  A$stm8s_gpio_DEBUG/stm8s_gpio$77   stm8s_gpio
     00008258  A$stm8s_gpio_DEBUG/stm8s_gpio$77   stm8s_gpio
     0000825A  A$stm8s_gpio_DEBUG/stm8s_gpio$77   stm8s_gpio
     0000825B  A$stm8s_gpio_DEBUG/stm8s_gpio$78   stm8s_gpio
     0000825B  Sstm8s_gpio$GPIO_ExternalPullUpC   stm8s_gpio
     0000825D  A$stm8s_gpio_DEBUG/stm8s_gpio$78   stm8s_gpio
     0000825E  A$stm8s_gpio_DEBUG/stm8s_gpio$79   stm8s_gpio
     0000825E  Sstm8s_gpio$GPIO_ExternalPullUpC   stm8s_gpio
     0000825E  Sstm8s_gpio$GPIO_ExternalPullUpC   stm8s_gpio
     0000825F  A$stm8s_gpio_DEBUG/stm8s_gpio$79   stm8s_gpio
     0000825F  Sstm8s_gpio$GPIO_ExternalPullUpC   stm8s_gpio
     0000825F  Sstm8s_gpio$GPIO_ExternalPullUpC   stm8s_gpio
     0000825F  XG$GPIO_ExternalPullUpConfig$0$0   stm8s_gpio
     00008260  Sstm8s_gpio$GPIO_ExternalPullUpC   stm8s_gpio

ASxxxx Linker V03.00 + NoICE + sdld,  page 20.
Hexadecimal  [32-Bits]

Area                                    Addr        Size        Decimal Bytes (Attributes)
--------------------------------        ----        ----        ------- ----- ------------
.debug_line                         00000000    000006B7 =        1719. bytes (REL,CON)

      Value  Global                              Global Defined In Module
      -----  --------------------------------   ------------------------
ASxxxx Linker V03.00 + NoICE + sdld,  page 21.
Hexadecimal  [32-Bits]

Area                                    Addr        Size        Decimal Bytes (Attributes)
--------------------------------        ----        ----        ------- ----- ------------
.debug_loc                          00000000    000005C4 =        1476. bytes (REL,CON)

      Value  Global                              Global Defined In Module
      -----  --------------------------------   ------------------------
ASxxxx Linker V03.00 + NoICE + sdld,  page 22.
Hexadecimal  [32-Bits]

Area                                    Addr        Size        Decimal Bytes (Attributes)
--------------------------------        ----        ----        ------- ----- ------------
.debug_abbrev                       00000000    0000010C =         268. bytes (REL,CON)

      Value  Global                              Global Defined In Module
      -----  --------------------------------   ------------------------
ASxxxx Linker V03.00 + NoICE + sdld,  page 23.
Hexadecimal  [32-Bits]

Area                                    Addr        Size        Decimal Bytes (Attributes)
--------------------------------        ----        ----        ------- ----- ------------
.debug_info                         00000000    000007D2 =        2002. bytes (REL,CON)

      Value  Global                              Global Defined In Module
      -----  --------------------------------   ------------------------
ASxxxx Linker V03.00 + NoICE + sdld,  page 24.
Hexadecimal  [32-Bits]

Area                                    Addr        Size        Decimal Bytes (Attributes)
--------------------------------        ----        ----        ------- ----- ------------
.debug_pubnames                     00000000    00000307 =         775. bytes (REL,CON)

      Value  Global                              Global Defined In Module
      -----  --------------------------------   ------------------------
ASxxxx Linker V03.00 + NoICE + sdld,  page 25.
Hexadecimal  [32-Bits]

Area                                    Addr        Size        Decimal Bytes (Attributes)
--------------------------------        ----        ----        ------- ----- ------------
.debug_frame                        00000000    00000725 =        1829. bytes (REL,CON)

      Value  Global                              Global Defined In Module
      -----  --------------------------------   ------------------------
ASxxxx Linker V03.00 + NoICE + sdld,  page 26.
Hexadecimal  [32-Bits]

Area                                    Addr        Size        Decimal Bytes (Attributes)
--------------------------------        ----        ----        ------- ----- ------------
SSEG                                FFFFFFFF    00000001 =           1. bytes (REL,CON)

      Value  Global                              Global Defined In Module
      -----  --------------------------------   ------------------------
ASxxxx Linker V03.00 + NoICE + sdld,  page 27.

Files Linked                              [ module(s) ]

STM8S103F3_DEBUG/stm8s_it.rel             [ stm8s_it ]
STM8S103F3_DEBUG/main.rel                 [ main ]
STM8S103F3_DEBUG/stm8s_gpio.rel           [ stm8s_gpio ]

ASxxxx Linker V03.00 + NoICE + sdld,  page 28.

User Base Address Definitions

HOME = 0x8000
DATA = 0x0001
SSEG = 0xffffffff

